// Jest Snapshot v1, https://goo.gl/fbAQLP

exports[`PokemonOptions component Snapshoot match 1`] = `
<h2>Pokemon options</h2>
<div class="options-container">
  <ul>
    <li>bulbasaur</li>
    <li>ivysaur</li>
    <li>venusaur</li>
    <li>charmander</li>
  </ul>
</div>
`;
